senti daemon: monitoring session 4a28dd54-18d9-4762-a5bf-313165277d22; tick=30s. Ctrl-C to stop.
tick 2026-06-28T17:40:18.488Z: recap=initial checkpoint=checkpoint_event_count_wait
tick 2026-06-28T17:40:48.762Z: recap=recap_cadence_wait checkpoint=checkpoint_event_count_wait
tick 2026-06-28T17:41:18.942Z: recap=recap_cadence_wait checkpoint=checkpoint_event_count_wait
tick 2026-06-28T17:41:49.084Z: recap=recap_cadence_wait checkpoint=checkpoint_event_count_wait
tick 2026-06-28T17:42:19.291Z: recap=recap_cadence_wait checkpoint=checkpoint_event_count_wait
tick 2026-06-28T17:42:49.421Z: recap=recap_cadence_wait checkpoint=checkpoint_event_count_wait
tick 2026-06-28T17:43:19.545Z: recap=recap_cadence_wait checkpoint=checkpoint_event_count_wait
tick 2026-06-28T17:43:49.747Z: recap=recap_cadence_wait checkpoint=checkpoint_event_count_wait
tick 2026-06-28T17:44:19.867Z: recap=recap_cadence_wait checkpoint=checkpoint_event_count_wait
tick 2026-06-28T17:44:49.984Z: recap=recap_cadence_wait checkpoint=checkpoint_event_count_wait
tick 2026-06-28T17:45:20.176Z: recap=recap_cadence_wait checkpoint=checkpoint_event_count_wait
tick 2026-06-28T17:45:50.335Z: recap=recap_cadence_wait checkpoint=checkpoint_event_count_wait
tick 2026-06-28T17:46:20.462Z: recap=recap_cadence_wait checkpoint=checkpoint_event_count_wait
tick 2026-06-28T17:46:50.663Z: recap=recap_cadence_wait checkpoint=checkpoint_event_count_wait
tick 2026-06-28T17:47:20.781Z: recap=recap_cadence_wait checkpoint=checkpoint_event_count_wait
tick 2026-06-28T17:47:50.909Z: recap=recap_cadence_wait checkpoint=checkpoint_event_count_wait
tick 2026-06-28T17:48:21.088Z: recap=recap_cadence_wait checkpoint=checkpoint_event_count_wait
tick 2026-06-28T17:48:51.217Z: recap=recap_cadence_wait checkpoint=checkpoint_event_count_wait
tick 2026-06-28T17:49:21.325Z: recap=recap_cadence_wait checkpoint=checkpoint_event_count_wait
tick 2026-06-28T17:49:51.535Z: recap=recap_cadence_wait checkpoint=checkpoint_event_count_wait
tick 2026-06-28T17:50:21.656Z: recap=inactivity checkpoint=insufficient_events
tick 2026-06-28T17:50:51.918Z: recap=inactivity checkpoint=checkpoint_cadence_wait
tick 2026-06-28T17:51:22.099Z: recap=inactivity checkpoint=insufficient_events
tick 2026-06-28T17:51:52.332Z: recap=inactivity checkpoint=checkpoint_cadence_wait
tick 2026-06-28T17:52:22.476Z: recap=inactivity checkpoint=checkpoint_event_count_wait
tick 2026-06-28T17:52:52.720Z: recap=inactivity checkpoint=checkpoint_event_count_wait
tick 2026-06-28T17:53:22.880Z: recap=inactivity checkpoint=checkpoint_event_count_wait
tick 2026-06-28T17:53:53.088Z: recap=inactivity checkpoint=checkpoint_event_count_wait
tick 2026-06-28T17:54:23.286Z: recap=inactivity checkpoint=checkpoint_event_count_wait
tick 2026-06-28T17:54:53.413Z: recap=inactivity checkpoint=checkpoint_event_count_wait
tick 2026-06-28T17:55:23.605Z: recap=inactivity checkpoint=checkpoint_event_count_wait
tick 2026-06-28T17:55:53.732Z: recap=inactivity checkpoint=checkpoint_event_count_wait
tick 2026-06-28T17:56:23.840Z: recap=inactivity checkpoint=checkpoint_event_count_wait
tick 2026-06-28T17:56:54.012Z: recap=inactivity checkpoint=checkpoint_event_count_wait
tick 2026-06-28T17:57:24.122Z: recap=inactivity checkpoint=checkpoint_event_count_wait
tick 2026-06-28T17:57:54.256Z: recap=inactivity checkpoint=checkpoint_event_count_wait
tick 2026-06-28T17:58:24.882Z: recap=inactivity checkpoint=checkpoint_event_count_wait
tick 2026-06-28T17:58:55.016Z: recap=inactivity checkpoint=checkpoint_event_count_wait
tick 2026-06-28T17:59:25.129Z: recap=inactivity checkpoint=checkpoint_event_count_wait
tick 2026-06-28T17:59:55.366Z: recap=inactivity checkpoint=checkpoint_event_count_wait
tick 2026-06-28T18:00:25.486Z: recap=inactivity checkpoint=checkpoint_event_count_wait
tick 2026-06-28T18:00:55.669Z: recap=inactivity checkpoint=checkpoint_event_count_wait
tick 2026-06-28T18:01:25.862Z: recap=inactivity checkpoint=checkpoint_event_count_wait
tick 2026-06-28T18:01:55.988Z: recap=inactivity checkpoint=checkpoint_event_count_wait
tick 2026-06-28T18:02:26.176Z: recap=inactivity checkpoint=insufficient_events
tick 2026-06-28T18:02:56.420Z: recap=inactivity checkpoint=checkpoint_no_new_source_events
tick 2026-06-28T18:03:26.532Z: recap=inactivity checkpoint=checkpoint_no_new_source_events
tick 2026-06-28T18:03:56.655Z: recap=inactivity checkpoint=checkpoint_no_new_source_events
tick 2026-06-28T18:04:26.803Z: recap=inactivity checkpoint=checkpoint_no_new_source_events
tick 2026-06-28T18:04:56.922Z: recap=inactivity checkpoint=checkpoint_no_new_source_events
tick 2026-06-28T18:05:27.033Z: recap=inactivity checkpoint=checkpoint_no_new_source_events
tick 2026-06-28T18:05:57.191Z: recap=inactivity checkpoint=checkpoint_no_new_source_events
tick 2026-06-28T18:06:27.304Z: recap=inactivity checkpoint=checkpoint_no_new_source_events
tick 2026-06-28T18:06:57.469Z: recap=inactivity checkpoint=checkpoint_no_new_source_events
tick 2026-06-28T18:07:27.590Z: recap=inactivity checkpoint=checkpoint_no_new_source_events
tick 2026-06-28T18:07:57.702Z: recap=inactivity checkpoint=checkpoint_no_new_source_events
tick 2026-06-28T18:08:27.872Z: recap=inactivity checkpoint=checkpoint_no_new_source_events
tick 2026-06-28T18:08:57.993Z: recap=inactivity checkpoint=checkpoint_no_new_source_events
tick 2026-06-28T18:09:28.108Z: recap=inactivity checkpoint=checkpoint_no_new_source_events
tick 2026-06-28T18:09:58.301Z: recap=inactivity checkpoint=checkpoint_no_new_source_events
tick 2026-06-28T18:10:28.459Z: recap=inactivity checkpoint=checkpoint_no_new_source_events
tick 2026-06-28T18:10:58.573Z: recap=inactivity checkpoint=checkpoint_no_new_source_events
tick 2026-06-28T18:11:28.734Z: recap=inactivity checkpoint=checkpoint_no_new_source_events
tick 2026-06-28T18:11:58.856Z: recap=inactivity checkpoint=checkpoint_no_new_source_events
tick 2026-06-28T18:12:28.985Z: recap=inactivity checkpoint=checkpoint_no_new_source_events
tick 2026-06-28T18:12:59.159Z: recap=inactivity checkpoint=checkpoint_no_new_source_events
tick 2026-06-28T18:13:29.259Z: recap=inactivity checkpoint=checkpoint_no_new_source_events
tick 2026-06-28T18:13:59.365Z: recap=inactivity checkpoint=checkpoint_no_new_source_events
tick 2026-06-28T18:14:29.656Z: recap=inactivity checkpoint=checkpoint_no_new_source_events
tick 2026-06-28T18:14:59.848Z: recap=inactivity checkpoint=checkpoint_no_new_source_events
tick 2026-06-28T18:15:29.969Z: recap=inactivity checkpoint=checkpoint_no_new_source_events
tick 2026-06-28T18:16:00.090Z: recap=inactivity checkpoint=checkpoint_no_new_source_events
tick 2026-06-28T18:16:30.301Z: recap=inactivity checkpoint=checkpoint_no_new_source_events
tick 2026-06-28T18:17:00.412Z: recap=inactivity checkpoint=checkpoint_no_new_source_events
tick 2026-06-28T18:17:30.521Z: recap=inactivity checkpoint=checkpoint_no_new_source_events
tick 2026-06-28T18:18:00.704Z: recap=inactivity checkpoint=checkpoint_no_new_source_events
tick 2026-06-28T18:18:30.892Z: recap=inactivity checkpoint=checkpoint_no_new_source_events
tick 2026-06-28T18:19:01.003Z: recap=inactivity checkpoint=checkpoint_no_new_source_events
tick 2026-06-28T18:19:31.129Z: recap=inactivity checkpoint=checkpoint_no_new_source_events
tick 2026-06-28T18:20:01.231Z: recap=inactivity checkpoint=checkpoint_no_new_source_events
tick 2026-06-28T18:20:31.426Z: recap=inactivity checkpoint=checkpoint_no_new_source_events
tick 2026-06-28T18:21:01.589Z: recap=inactivity checkpoint=checkpoint_no_new_source_events
tick 2026-06-28T18:21:31.861Z: recap=inactivity checkpoint=insufficient_events
tick 2026-06-28T18:22:02.124Z: recap=inactivity checkpoint=checkpoint_cadence_wait
tick 2026-06-28T18:22:32.692Z: recap=inactivity checkpoint=insufficient_events
tick 2026-06-28T18:23:02.891Z: recap=inactivity checkpoint=checkpoint_cadence_wait
tick 2026-06-28T18:23:33.141Z: recap=inactivity checkpoint=insufficient_events
tick 2026-06-28T18:24:03.469Z: recap=inactivity checkpoint=checkpoint_cadence_wait
tick 2026-06-28T18:24:33.610Z: recap=inactivity checkpoint=insufficient_events
tick 2026-06-28T18:25:03.799Z: recap=inactivity checkpoint=checkpoint_cadence_wait
tick 2026-06-28T18:25:33.992Z: recap=inactivity checkpoint=insufficient_events
tick 2026-06-28T18:26:04.186Z: recap=inactivity checkpoint=checkpoint_cadence_wait
tick 2026-06-28T18:26:34.324Z: recap=inactivity checkpoint=insufficient_events
tick 2026-06-28T18:27:04.594Z: recap=inactivity checkpoint=checkpoint_cadence_wait
tick 2026-06-28T18:27:34.699Z: recap=inactivity checkpoint=insufficient_events
tick 2026-06-28T18:28:04.909Z: recap=inactivity checkpoint=checkpoint_cadence_wait
tick 2026-06-28T18:28:35.074Z: recap=inactivity checkpoint=insufficient_events
tick 2026-06-28T18:29:05.300Z: recap=inactivity checkpoint=checkpoint_cadence_wait
tick 2026-06-28T18:29:35.419Z: recap=inactivity checkpoint=insufficient_events
tick 2026-06-28T18:30:05.724Z: recap=inactivity checkpoint=checkpoint_cadence_wait
tick 2026-06-28T18:30:35.873Z: recap=inactivity checkpoint=insufficient_events
tick 2026-06-28T18:31:06.013Z: recap=inactivity checkpoint=checkpoint_cadence_wait
tick 2026-06-28T18:31:36.211Z: recap=inactivity checkpoint=insufficient_events
tick 2026-06-28T18:32:06.425Z: recap=inactivity checkpoint=checkpoint_cadence_wait
tick 2026-06-28T18:32:36.558Z: recap=inactivity checkpoint=insufficient_events
tick 2026-06-28T18:33:06.815Z: recap=inactivity checkpoint=checkpoint_cadence_wait
tick 2026-06-28T18:33:36.936Z: recap=inactivity checkpoint=insufficient_events
tick 2026-06-28T18:34:07.245Z: recap=inactivity checkpoint=checkpoint_cadence_wait
tick 2026-06-28T18:34:37.480Z: recap=inactivity checkpoint=insufficient_events
tick 2026-06-28T18:35:07.698Z: recap=inactivity checkpoint=checkpoint_cadence_wait
tick 2026-06-28T18:35:37.814Z: recap=inactivity checkpoint=insufficient_events
tick 2026-06-28T18:36:08.090Z: recap=inactivity checkpoint=checkpoint_cadence_wait
tick 2026-06-28T18:36:38.251Z: recap=inactivity checkpoint=insufficient_events
tick 2026-06-28T18:37:08.451Z: recap=inactivity checkpoint=checkpoint_cadence_wait
tick 2026-06-28T18:37:38.656Z: recap=inactivity checkpoint=insufficient_events
tick 2026-06-28T18:38:08.994Z: recap=inactivity checkpoint=checkpoint_cadence_wait
tick 2026-06-28T18:38:39.115Z: recap=inactivity checkpoint=insufficient_events
tick 2026-06-28T18:39:09.376Z: recap=inactivity checkpoint=checkpoint_cadence_wait
tick 2026-06-28T18:39:39.561Z: recap=inactivity checkpoint=insufficient_events
tick 2026-06-28T18:40:09.804Z: recap=inactivity checkpoint=checkpoint_cadence_wait
tick 2026-06-28T18:40:40.052Z: recap=inactivity checkpoint=insufficient_events
tick 2026-06-28T18:41:10.253Z: recap=inactivity checkpoint=checkpoint_cadence_wait
tick 2026-06-28T18:41:40.411Z: recap=inactivity checkpoint=insufficient_events
tick 2026-06-28T18:42:10.599Z: recap=inactivity checkpoint=checkpoint_cadence_wait
tick 2026-06-28T18:42:40.710Z: recap=inactivity checkpoint=insufficient_events
tick 2026-06-28T18:43:11.034Z: recap=inactivity checkpoint=checkpoint_cadence_wait
tick 2026-06-28T18:43:41.142Z: recap=inactivity checkpoint=insufficient_events
tick 2026-06-28T18:44:11.383Z: recap=inactivity checkpoint=checkpoint_cadence_wait
tick 2026-06-28T18:44:41.558Z: recap=inactivity checkpoint=insufficient_events
tick 2026-06-28T18:45:11.770Z: recap=inactivity checkpoint=checkpoint_cadence_wait
tick 2026-06-28T18:45:41.916Z: recap=inactivity checkpoint=insufficient_events
tick 2026-06-28T18:46:12.172Z: recap=inactivity checkpoint=checkpoint_cadence_wait
tick 2026-06-28T18:46:42.282Z: recap=inactivity checkpoint=insufficient_events
tick 2026-06-28T18:47:12.472Z: recap=inactivity checkpoint=checkpoint_cadence_wait
tick 2026-06-28T18:47:42.670Z: recap=inactivity checkpoint=insufficient_events
tick 2026-06-28T18:48:12.877Z: recap=inactivity checkpoint=checkpoint_cadence_wait
tick 2026-06-28T18:48:43.126Z: recap=inactivity checkpoint=insufficient_events
tick 2026-06-28T18:49:13.458Z: recap=inactivity checkpoint=checkpoint_cadence_wait
tick 2026-06-28T18:49:43.608Z: recap=inactivity checkpoint=insufficient_events
tick 2026-06-28T18:50:13.800Z: recap=inactivity checkpoint=checkpoint_cadence_wait
tick 2026-06-28T18:50:43.964Z: recap=inactivity checkpoint=insufficient_events
tick 2026-06-28T18:51:14.160Z: recap=inactivity checkpoint=checkpoint_cadence_wait
tick 2026-06-28T18:51:44.336Z: recap=inactivity checkpoint=checkpoint_event_count_wait
tick 2026-06-28T18:52:14.615Z: recap=inactivity checkpoint=checkpoint_event_count_wait
tick 2026-06-28T18:52:44.767Z: recap=inactivity checkpoint=checkpoint_event_count_wait
tick 2026-06-28T18:53:14.913Z: recap=inactivity checkpoint=checkpoint_event_count_wait
tick 2026-06-28T18:53:45.102Z: recap=inactivity checkpoint=checkpoint_event_count_wait
tick 2026-06-28T18:54:15.231Z: recap=inactivity checkpoint=checkpoint_event_count_wait
tick 2026-06-28T18:54:45.443Z: recap=inactivity checkpoint=checkpoint_event_count_wait
tick 2026-06-28T18:55:16.429Z: recap=inactivity checkpoint=checkpoint_event_count_wait
